---
source: src/row_codec.rs
expression: encoded_data
snapshot_kind: text
---
[
    0,
    3,
    0,
    12,
    228,
    189,
    160,
    229,
    165,
    189,
    228,
    184,
    150,
    231,
    149,
    140,
    0,
    0,
    0,
    0,
    0,
    0,
    0,
    1,
    0,
    0,
    0,
    0,
    5,
    118,
    97,
    108,
    117,
    101,
]
