[
    (
        "normal row with expire_ts",
        [
            0,
            3,
            0,
            3,
            107,
            101,
            121,
            0,
            0,
            0,
            0,
            0,
            0,
            0,
            1,
            2,
            0,
            0,
            0,
            0,
            0,
            0,
            0,
            10,
            0,
            0,
            0,
            5,
            118,
            97,
            108,
            117,
            101,
        ],
        SstRowEntry {
            key_prefix_len: 3,
            key_suffix: b"key",
            seq: 1,
            expire_ts: Some(
                10,
            ),
            create_ts: None,
            value: Value(
                b"value",
            ),
        },
        b"prekey",
    ),
    (
        "normal row without expire_ts",
        [
            0,
            0,
            0,
            3,
            107,
            101,
            121,
            0,
            0,
            0,
            0,
            0,
            0,
            0,
            1,
            0,
            0,
            0,
            0,
            5,
            118,
            97,
            108,
            117,
            101,
        ],
        SstRowEntry {
            key_prefix_len: 0,
            key_suffix: b"key",
            seq: 1,
            expire_ts: None,
            create_ts: None,
            value: Value(
                b"value",
            ),
        },
        b"key",
    ),
    (
        "row with both timestamps",
        [
            0,
            5,
            0,
            4,
            98,
            111,
            116,
            104,
            0,
            0,
            0,
            0,
            0,
            0,
            0,
            100,
            6,
            0,
            0,
            0,
            2,
            76,
            176,
            22,
            234,
            0,
            0,
            0,
            0,
            73,
            150,
            2,
            210,
            0,
            0,
            0,
            5,
            118,
            97,
            108,
            117,
            101,
        ],
        SstRowEntry {
            key_prefix_len: 5,
            key_suffix: b"both",
            seq: 100,
            expire_ts: Some(
                9876543210,
            ),
            create_ts: Some(
                1234567890,
            ),
            value: Value(
                b"value",
            ),
        },
        b"test_both",
    ),
    (
        "row with only create_ts",
        [
            0,
            4,
            0,
            6,
            99,
            114,
            101,
            97,
            116,
            101,
            0,
            0,
            0,
            0,
            0,
            0,
            0,
            50,
            4,
            0,
            0,
            0,
            0,
            73,
            150,
            2,
            210,
            0,
            0,
            0,
            10,
            116,
            101,
            115,
            116,
            95,
            118,
            97,
            108,
            117,
            101,
        ],
        SstRowEntry {
            key_prefix_len: 4,
            key_suffix: b"create",
            seq: 50,
            expire_ts: None,
            create_ts: Some(
                1234567890,
            ),
            value: Value(
                b"test_value",
            ),
        },
        b"timecreate",
    ),
    (
        "tombstone row",
        [
            0,
            4,
            0,
            4,
            116,
            111,
            109,
            98,
            0,
            0,
            0,
            0,
            0,
            0,
            0,
            1,
            7,
            0,
            0,
            0,
            0,
            0,
            0,
            0,
            1,
            0,
            0,
            0,
            0,
            0,
            0,
            0,
            2,
        ],
        SstRowEntry {
            key_prefix_len: 4,
            key_suffix: b"tomb",
            seq: 1,
            expire_ts: None,
            create_ts: Some(
                2,
            ),
            value: Tombstone,
        },
        b"deadtomb",
    ),
    (
        "empty key suffix",
        [
            0,
            4,
            0,
            0,
            0,
            0,
            0,
            0,
            0,
            0,
            0,
            1,
            0,
            0,
            0,
            0,
            5,
            118,
            97,
            108,
            117,
            101,
        ],
        SstRowEntry {
            key_prefix_len: 4,
            key_suffix: b"",
            seq: 1,
            expire_ts: None,
            create_ts: None,
            value: Value(
                b"value",
            ),
        },
        b"keyp",
    ),
    (
        "large sequence number",
        [
            0,
            3,
            0,
            3,
            115,
            101,
            113,
            255,
            255,
            255,
            255,
            255,
            255,
            255,
            255,
            0,
            0,
            0,
            0,
            5,
            118,
            97,
            108,
            117,
            101,
        ],
        SstRowEntry {
            key_prefix_len: 3,
            key_suffix: b"seq",
            seq: 18446744073709551615,
            expire_ts: None,
            create_ts: None,
            value: Value(
                b"value",
            ),
        },
        b"bigseq",
    ),
    (
        "large value",
        [
            0,
            2,
            0,
            3,
            98,
            105,
            103,
            0,
            0,
            0,
            0,
            0,
            0,
            0,
            1,
            0,
            0,
            0,
            0,
            100,
            120,
            120,
            120,
            120,
            120,
            120,
            120,
            120,
            120,
            120,
            120,
            120,
            120,
            120,
            120,
            120,
            120,
            120,
            120,
            120,
            120,
            120,
            120,
            120,
            120,
            120,
            120,
            120,
            120,
            120,
            120,
            120,
            120,
            120,
            120,
            120,
            120,
            120,
            120,
            120,
            120,
            120,
            120,
            120,
            120,
            120,
            120,
            120,
            120,
            120,
            120,
            120,
            120,
            120,
            120,
            120,
            120,
            120,
            120,
            120,
            120,
            120,
            120,
            120,
            120,
            120,
            120,
            120,
            120,
            120,
            120,
            120,
            120,
            120,
            120,
            120,
            120,
            120,
            120,
            120,
            120,
            120,
            120,
            120,
            120,
            120,
            120,
            120,
            120,
            120,
            120,
            120,
            120,
            120,
            120,
            120,
            120,
            120,
            120,
            120,
        ],
        SstRowEntry {
            key_prefix_len: 2,
            key_suffix: b"big",
            seq: 1,
            expire_ts: None,
            create_ts: None,
            value: Value(
                b"xxxxxxxxxxxxxxxxxxxxxxxxxxxxxxxxxxxxxxxxxxxxxxxxxxxxxxxxxxxxxxxxxxxxxxxxxxxxxxxxxxxxxxxxxxxxxxxxxxxx",
            ),
        },
        b"bibig",
    ),
    (
        "long key suffix",
        [
            0,
            2,
            0,
            100,
            107,
            107,
            107,
            107,
            107,
            107,
            107,
            107,
            107,
            107,
            107,
            107,
            107,
            107,
            107,
            107,
            107,
            107,
            107,
            107,
            107,
            107,
            107,
            107,
            107,
            107,
            107,
            107,
            107,
            107,
            107,
            107,
            107,
            107,
            107,
            107,
            107,
            107,
            107,
            107,
            107,
            107,
            107,
            107,
            107,
            107,
            107,
            107,
            107,
            107,
            107,
            107,
            107,
            107,
            107,
            107,
            107,
            107,
            107,
            107,
            107,
            107,
            107,
            107,
            107,
            107,
            107,
            107,
            107,
            107,
            107,
            107,
            107,
            107,
            107,
            107,
            107,
            107,
            107,
            107,
            107,
            107,
            107,
            107,
            107,
            107,
            107,
            107,
            107,
            107,
            107,
            107,
            107,
            107,
            107,
            107,
            107,
            107,
            107,
            107,
            0,
            0,
            0,
            0,
            0,
            0,
            0,
            1,
            0,
            0,
            0,
            0,
            5,
            118,
            97,
            108,
            117,
            101,
        ],
        SstRowEntry {
            key_prefix_len: 2,
            key_suffix: b"kkkkkkkkkkkkkkkkkkkkkkkkkkkkkkkkkkkkkkkkkkkkkkkkkkkkkkkkkkkkkkkkkkkkkkkkkkkkkkkkkkkkkkkkkkkkkkkkkkkk",
            seq: 1,
            expire_ts: None,
            create_ts: None,
            value: Value(
                b"value",
            ),
        },
        b"lokkkkkkkkkkkkkkkkkkkkkkkkkkkkkkkkkkkkkkkkkkkkkkkkkkkkkkkkkkkkkkkkkkkkkkkkkkkkkkkkkkkkkkkkkkkkkkkkkkkk",
    ),
    (
        "unicode key suffix",
        [
            0,
            3,
            0,
            12,
            228,
            189,
            160,
            229,
            165,
            189,
            228,
            184,
            150,
            231,
            149,
            140,
            0,
            0,
            0,
            0,
            0,
            0,
            0,
            1,
            0,
            0,
            0,
            0,
            5,
            118,
            97,
            108,
            117,
            101,
        ],
        SstRowEntry {
            key_prefix_len: 3,
            key_suffix: b"\xe4\xbd\xa0\xe5\xa5\xbd\xe4\xb8\x96\xe7\x95\x8c",
            seq: 1,
            expire_ts: None,
            create_ts: None,
            value: Value(
                b"value",
            ),
        },
        b"uni\xe4\xbd\xa0\xe5\xa5\xbd\xe4\xb8\x96\xe7\x95\x8c",
    ),
]